switch0


Switch>en
Switch#conf t
Enter configuration commands, one per line.  End with CNTL/Z.
Switch(config)#vlan 10
Switch(config-vlan)#name account
Switch(config-vlan)#exit
Switch(config)#vlan 20
Switch(config-vlan)#name sales
Switch(config-vlan)#exit
Switch(config)#int fa0/1
Switch(config-if)#switchport mode accesss
                                        ^
% Invalid input detected at '^' marker.
	
Switch(config-if)#switchport mode access
Switch(config-if)#switchport access vlan 10
Switch(config-if)#exit
Switch(config)#int fa0/2
Switch(config-if)#switchport mode access
Switch(config-if)#switchport access vlan 10
Switch(config-if)#exit
Switch(config)#int range fa0/3-4
Switch(config-if-range)#switchport mode access
Switch(config-if-range)#switchport access vlan 20
Switch(config-if-range)#exit
Switch(config)#int fa0/5
Switch(config-if)#switchport mode trunk

Switch(config-if)#
%LINEPROTO-5-UPDOWN: Line protocol on Interface FastEthernet0/5, changed state to down

%LINEPROTO-5-UPDOWN: Line protocol on Interface FastEthernet0/5, changed state to up

Switch(config-if)#switchport trunk allowed vlan all
Switch(config-if)#exit
Switch(config)#




switch1

Switch>
Switch>en
Switch#conf t
Enter configuration commands, one per line.  End with CNTL/Z.
Switch(config)#int range fa0/1-2
Switch(config-if-range)#exit
Switch(config)#vlan 10
Switch(config-vlan)#name account
Switch(config-vlan)#exit
Switch(config)#vlan 20
Switch(config-vlan)#name sales
Switch(config-vlan)#exit
Switch(config)#int range fa0/1-2
Switch(config-if-range)#switchport mode access
Switch(config-if-range)#switchport access vlan 10
Switch(config-if-range)#exit
Switch(config)#fa0/3-4
               ^
% Invalid input detected at '^' marker.
	
Switch(config)#int range fa0/3-4
Switch(config-if-range)#switchport mode access
Switch(config-if-range)#switchport access vlan 20
Switch(config-if-range)#exit
Switch(config)#


Switch#show vlan brief

VLAN Name                             Status    Ports
---- -------------------------------- --------- -------------------------------
1    default                          active    Fa0/6, Fa0/7, Fa0/8, Fa0/9
                                                Fa0/10, Fa0/11, Fa0/12, Fa0/13
                                                Fa0/14, Fa0/15, Fa0/16, Fa0/17
                                                Fa0/18, Fa0/19, Fa0/20, Fa0/21
                                                Fa0/22, Fa0/23, Fa0/24, Gig0/1
                                                Gig0/2
10   account                          active    Fa0/1, Fa0/2
20   sales                            active    Fa0/3, Fa0/4
1002 fddi-default                     active    
1003 token-ring-default               active    
1004 fddinet-default                  active    
1005 trnet-default                    active    
Switch#



Switch#conf t
Enter configuration commands, one per line.  End with CNTL/Z.
Switch(config)#int fa0/5
Switch(config-if)#switchport mode trunk
Switch(config-if)#switchport trunk allowed vlan all
Switch(config-if)#exit
Switch(config)#